[[+]     ] boot
[     {-}] a
[{+}     ] b
[[+]     ] hold
[{+}     ] c
