dinit: no-command: 'command' setting not specified.
