dinitctl: could not reload service; service in wrong state, incompatible change, or bad service description.
